// Jest Snapshot v1, https://goo.gl/fbAQLP

exports[`<List /> Tests should render correctly 1`] = `
<ul
  className="root"
>
  <li>
    list item
  </li>
</ul>
`;
